################################################################################
#                                                                              #
#      IAR Universal Linker V6.4.6.89                                          #
#                                                                              #
#           Link time     =  20/Feb/2017  17:10:44                             #
#           Target CPU    =  MSP430                                            #
#           List file     =  C:\Users\Alexander\Desktop\msp430_dev\LEDs_and_bu #
#                            ttons_asm\Debug\List\LEDs_and_buttons_asm.map     #
#           Output file 1 =  C:\Users\Alexander\Desktop\msp430_dev\LEDs_and_bu #
#                            ttons_asm\Debug\Exe\LEDs_and_buttons_asm.d43      #
#                            Format: ubrof10                                   #
#                            UBROF version 10.0.6                              #
#                            Using library modules for C-SPY (-rt)             #
#           Command line  =  C:\Users\Alexander\Desktop\msp430_dev\LEDs_and_bu #
#                            ttons_asm\Debug\Obj\asm.r43                       #
#                            -o                                                #
#                            C:\Users\Alexander\Desktop\msp430_dev\LEDs_and_bu #
#                            ttons_asm\Debug\Exe\LEDs_and_buttons_asm.d43      #
#                            -l                                                #
#                            C:\Users\Alexander\Desktop\msp430_dev\LEDs_and_bu #
#                            ttons_asm\Debug\List\LEDs_and_buttons_asm.map     #
#                            -xms                                              #
#                            "-IC:\Program Files (x86)\IAR Systems\Embedded Wo #
#                            rkbench 7.4\430\LIB\"                             #
#                            -f                                                #
#                            "C:\Program Files (x86)\IAR Systems\Embedded Work #
#                            bench 7.4\430\config\linker\lnk430f149.xcl"       #
#                            (-cmsp430 -QCODE_I=CODE_ID -QTLS16_I=TLS16_ID     #
#                            -D__iar_HWMUL=130 -Z(CONST)INFO=1000-10FF         #
#                            -Z(CONST)INFOA=1080-10FF                          #
#                            -Z(CONST)INFOB=1000-107F                          #
#                            -Z(DATA)DATA16_I,DATA16_Z,DATA16_N,TLS16_I=0200-0 #
#                            9FF                                               #
#                            -Z(DATA)DATA16_HEAP+_DATA16_HEAP_SIZE             #
#                            -Z(DATA)CODE_I -Z(DATA)CSTACK+_STACK_SIZE#        #
#                            -Z(CONST)DATA16_C,DATA16_ID,TLS16_ID,DIFUNCT,CHEC #
#                            KSUM=1100-FFDF                                    #
#                            -Z(CODE)CSTART,ISR_CODE,CODE_ID=1100-FFDF         #
#                            -P(CODE)CODE=1100-FFDF -Z(CODE)INTVEC=FFE0-FFFF   #
#                            -Z(CODE)RESET=FFFE-FFFF) -f                       #
#                            "C:\Program Files (x86)\IAR Systems\Embedded Work #
#                            bench 7.4\430\config\linker\multiplier.xcl"       #
#                            (-e?Mul8Hw=?Mul8 -e?Mul16Hw=?Mul16                #
#                            -e?Mul16to32uHw=?Mul16to32u                       #
#                            -e?Mul16to32sHw=?Mul16to32s -e?Mul32Hw=?Mul32     #
#                            -e_Mul64iHw=_Mul64i                               #
#                            -e_Mul32u32uto64iHw=_Mul32u32uto64i               #
#                            -e?Mul32fHw=_Mul32f -e_Mul64fHwPtr=_Mul64fPtr)    #
#                            -D_STACK_SIZE=50 -rt -D_DATA16_HEAP_SIZE=50       #
#                            -D_DATA20_HEAP_SIZE=50                            #
#                                                                              #
#                           Copyright (C) 1987-2016 IAR Systems AB.            #
################################################################################





                ****************************************
                *                                      *
                *           CROSS REFERENCE            *
                *                                      *
                ****************************************

                  There are no program entries.


                ****************************************
                *                                      *
                *    AUTOMATIC SYMBOL REDIRECTIONS     *
                *                                      *
                ****************************************

                  There are no automatic symbol redirections.



                ****************************************
                *                                      *
                *              MODULE MAP              *
                *                                      *
                ****************************************


  DEFINED ABSOLUTE ENTRIES
    *************************************************************************

  DEFINED ABSOLUTE ENTRIES
  PROGRAM MODULE, NAME : ?ABS_ENTRY_MOD

Absolute parts
           ENTRY                   ADDRESS         REF BY
           =====                   =======         ======
           _DATA20_HEAP_SIZE       0050 
           _DATA16_HEAP_SIZE       0050 
           _STACK_SIZE             0050 
           __iar_HWMUL             0130 
    *************************************************************************

  FILE NAME : C:\Users\Alexander\Desktop\msp430_dev\LEDs_and_buttons_asm\Debug\Obj\asm.r43
  PROGRAM MODULE, NAME : asm

  SEGMENTS IN THE MODULE
  ======================
<CODE> 1 (was CODE)
  Relative segment, address: 1100 - 1127 (0x28 bytes), align: 1
  Segment part 0. ROOT        Intra module refs:   Segment part 1
           LOCAL                   ADDRESS         
           =====                   =======         
           Reset                   1100 
           InfLoop                 1112 
           ButtonUp                1120 
           ButtonDown              1118 
    -------------------------------------------------------------------------
RESET
  Relative segment, address: FFFE - FFFF (0x2 bytes), align: 1
  Segment part 1. ROOT 




                ****************************************
                *                                      *
                *      SEGMENTS IN ADDRESS ORDER       *
                *                                      *
                ****************************************


SEGMENT              SPACE    START ADDRESS   END ADDRESS     SIZE  TYPE  ALIGN
=======              =====    =============   ===========     ====  ====  =====
<CODE> 1                               1100 - 1127              28   rel    1
RESET                                  FFFE - FFFF               2   rel    1

                ****************************************
                *                                      *
                *        END OF CROSS REFERENCE        *
                *                                      *
                ****************************************

 42 bytes of CODE memory

Errors: none
Warnings: none

