################################################################################
#                                                                              #
#      IAR Universal Linker V6.4.6.89                                          #
#                                                                              #
#           Link time     =  20/Mar/2017  22:23:18                             #
#           Target CPU    =  MSP430                                            #
#           List file     =  C:\Users\Alexander\Desktop\msp430_dev\LEDs_and_bu #
#                            ttons_asm_RAM\Debug\List\LEDs_and_buttons_asm_RAM #
#                            .map                                              #
#           Output file 1 =  C:\Users\Alexander\Desktop\msp430_dev\LEDs_and_bu #
#                            ttons_asm_RAM\Debug\Exe\LEDs_and_buttons_asm_RAM. #
#                            d43                                               #
#                            Format: ubrof10                                   #
#                            UBROF version 10.0.6                              #
#                            Using library modules for C-SPY (-rt)             #
#           Command line  =  C:\Users\Alexander\Desktop\msp430_dev\LEDs_and_bu #
#                            ttons_asm_RAM\Debug\Obj\asm.r43                   #
#                            -o                                                #
#                            C:\Users\Alexander\Desktop\msp430_dev\LEDs_and_bu #
#                            ttons_asm_RAM\Debug\Exe\LEDs_and_buttons_asm_RAM. #
#                            d43                                               #
#                            -l                                                #
#                            C:\Users\Alexander\Desktop\msp430_dev\LEDs_and_bu #
#                            ttons_asm_RAM\Debug\List\LEDs_and_buttons_asm_RAM #
#                            .map                                              #
#                            -xms                                              #
#                            "-IC:\Program Files (x86)\IAR Systems\Embedded Wo #
#                            rkbench 7.4\430\LIB\"                             #
#                            -f                                                #
#                            "C:\Program Files (x86)\IAR Systems\Embedded Work #
#                            bench 7.4\430\config\linker\lnk430g2553.xcl"      #
#                            (-cmsp430 -QCODE_I=CODE_ID -QTLS16_I=TLS16_ID     #
#                            -Z(CONST)INFO=1000-10FF                           #
#                            -Z(CONST)INFOA=10C0-10FF                          #
#                            -Z(CONST)INFOB=1080-10BF                          #
#                            -Z(CONST)INFOC=1040-107F                          #
#                            -Z(CONST)INFOD=1000-103F                          #
#                            -Z(DATA)DATA16_I,DATA16_Z,DATA16_N,TLS16_I=0200-0 #
#                            3FF                                               #
#                            -Z(DATA)DATA16_HEAP+_DATA16_HEAP_SIZE             #
#                            -Z(DATA)CODE_I -Z(DATA)CSTACK+_STACK_SIZE#        #
#                            -Z(CONST)DATA16_C,DATA16_ID,TLS16_ID,DIFUNCT,CHEC #
#                            KSUM=C000-FFDD                                    #
#                            -Z(CODE)CSTART,ISR_CODE,CODE_ID=C000-FFDD         #
#                            -P(CODE)CODE=C000-FFDD                            #
#                            -Z(CONST)SIGNATURE=FFDE-FFDF                      #
#                            -Z(CODE)INTVEC=FFE0-FFFF                          #
#                            -Z(CODE)RESET=FFFE-FFFF) -D_STACK_SIZE=50 -rt     #
#                            -D_DATA16_HEAP_SIZE=50 -D_DATA20_HEAP_SIZE=50     #
#                                                                              #
#                           Copyright (C) 1987-2016 IAR Systems AB.            #
################################################################################





                ****************************************
                *                                      *
                *           CROSS REFERENCE            *
                *                                      *
                ****************************************

                  There are no program entries.


                ****************************************
                *                                      *
                *    AUTOMATIC SYMBOL REDIRECTIONS     *
                *                                      *
                ****************************************

                  There are no automatic symbol redirections.



                ****************************************
                *                                      *
                *              MODULE MAP              *
                *                                      *
                ****************************************


  DEFINED ABSOLUTE ENTRIES
    *************************************************************************

  DEFINED ABSOLUTE ENTRIES
  PROGRAM MODULE, NAME : ?ABS_ENTRY_MOD

Absolute parts
           ENTRY                   ADDRESS         REF BY
           =====                   =======         ======
           _DATA20_HEAP_SIZE       0050 
           _DATA16_HEAP_SIZE       0050 
           _STACK_SIZE             0050 
    *************************************************************************

  FILE NAME : C:\Users\Alexander\Desktop\msp430_dev\LEDs_and_buttons_asm_RAM\Debug\Obj\asm.r43
  PROGRAM MODULE, NAME : asm

  SEGMENTS IN THE MODULE
  ======================
DATA16_N
  Relative segment, address: 0200 - 0201 (0x2 bytes), align: 1
  Segment part 0. ROOT        Intra module refs:   Reset
           LOCAL                   ADDRESS         
           =====                   =======         
           LoopCtr                 0200 
    -------------------------------------------------------------------------
<CODE> 1 (was CODE)
  Relative segment, address: C000 - C025 (0x26 bytes), align: 1
  Segment part 1. ROOT        Intra module refs:   Segment part 2
           LOCAL                   ADDRESS         
           =====                   =======         
           Reset                   C000 
           InfLoop                 C012 
           DelayLoop               C018 
    -------------------------------------------------------------------------
RESET
  Relative segment, address: FFFE - FFFF (0x2 bytes), align: 1
  Segment part 2. ROOT 




                ****************************************
                *                                      *
                *      SEGMENTS IN ADDRESS ORDER       *
                *                                      *
                ****************************************


SEGMENT              SPACE    START ADDRESS   END ADDRESS     SIZE  TYPE  ALIGN
=======              =====    =============   ===========     ====  ====  =====
DATA16_Z                                  0200                       dse    0
DATA16_I                                  0200                       dse    0
DATA16_N                               0200 - 0201               2   rel    1
<CODE> 1                               C000 - C025              26   rel    1
RESET                                  FFFE - FFFF               2   rel    1

                ****************************************
                *                                      *
                *        END OF CROSS REFERENCE        *
                *                                      *
                ****************************************

 40 bytes of CODE memory
  2 bytes of DATA memory

Errors: none
Warnings: none

